[2/39] Erro: https://ouvidoria.pm.altoboavista.gws-sistemas.com.br/ -> Avaliação recusada pelo AMAWeb: DNS_LOOKUP_FAILED
[3/39] Erro: https://araguaiana.mt.gov.br/ouvidoria-identificada -> Avaliação recusada pelo AMAWeb: EVALUATION_FAILED
[1/39] Erro: https://gws-sistemas.com.br/ouvidoria.pm.acorizal/novo-protocolo -> Não foi possível acessar AMAWeb: _ssl.c:1016: The handshake operation timed out
[4/39] Erro: https://gws-sistemas.com.br/ouvidoria.pm.bomjesusdoaraguaia/novo-protocolo -> Não foi possível acessar AMAWeb: _ssl.c:1016: The handshake operation timed out
[6/39] Erro: https://canarana.mt.gov.br/portal/ -> Avaliação recusada pelo AMAWeb: EVALUATION_FAILED
[5/39] Erro: https://www.canabravadonorte.org/transparencia/ouvidoria/cadastrar-manifestacao -> AMAWeb excedeu 120s de espera.
[7/39] Erro: https://www.cocalinho.mt.gov.br/ouvidoria-identificada -> Não foi possível acessar AMAWeb: _ssl.c:1016: The handshake operation timed out
[8/39] Erro: https://www.gws-sistemas.com.br/cartadeservico.pm.generalcarneiro/geral/ouvidoria-municipal -> Não foi possível acessar AMAWeb: _ssl.c:1016: The handshake operation timed out
[9/39] Erro: https://gws-sistemas.com.br/ouvidoria.pm.indiavai/novo-protocolo -> Não foi possível acessar AMAWeb: _ssl.c:1016: The handshake operation timed out
[13/39] Erro: https://mirassoldoeste.flowdocs.com.br:2053/public/home/subject/3 -> Avaliação recusada pelo AMAWeb: DNS_LOOKUP_FAILED
[12/39] Erro: https://gws-sistemas.com.br/ouvidoria.pm.luciara -> Não foi possível acessar AMAWeb: _ssl.c:1016: The handshake operation timed out
[14/39] Erro: https://ouvidoria.novabandeirantes.mt.gov.br/Manifestacao/ -> Não foi possível acessar AMAWeb: _ssl.c:1016: The handshake operation timed out
[15/39] Erro: https://flowdocs-novacanaadonortemt.i7sgp.app.br/public/home/group/1 -> Não foi possível acessar AMAWeb: _ssl.c:1016: The handshake operation timed out
[17/39] Erro: https://prefnm.ouvidoriabr.com/protocolo/novo/2 -> Não foi possível acessar AMAWeb: _ssl.c:1016: The handshake operation timed out
[19/39] Erro: https://www.novaubirata.mt.gov.br/ouvidoria -> Não foi possível acessar AMAWeb: _ssl.c:1016: The handshake operation timed out
[20/39] Erro: https://ouvidoria.novosantoantonio.mt.gov.br/Manifestacao/ -> Não foi possível acessar AMAWeb: _ssl.c:1016: The handshake operation timed out
[22/39] Erro: https://prefeitura-de-planalto-da-serra.webnode.page/ouvidoria/ -> Não foi possível acessar AMAWeb: _ssl.c:1016: The handshake operation timed out
[23/39] Erro: https://acessoainformacao.pontaldoaraguaia.mt.gov.br/cidadao/ouvidoria/solicitacaoservico -> Não foi possível acessar AMAWeb: _ssl.c:1016: The handshake operation timed out
[24/39] Erro: https://www.prefeituradepontebranca-mt.com.br/contato -> Não foi possível acessar AMAWeb: _ssl.c:1016: The handshake operation timed out
[27/39] Erro: https://gws-sistemas.com.br/ouvidoria.pm.ribeiraocascalheira/novo-protocolo -> Não foi possível acessar AMAWeb: _ssl.c:1016: The handshake operation timed out
[28/39] Erro: https://www.ribeiraozinho.mt.gov.br/portal/ouvidoria/cadastro/1 -> Não foi possível acessar AMAWeb: _ssl.c:1016: The handshake operation timed out
[29/39] Erro: https://rondonopolis.ouvidoriabr.com/protocolo/novo/248 -> Não foi possível acessar AMAWeb: _ssl.c:1016: The handshake operation timed out
[31/39] Erro: https://ouvidoria.santacruzdoxingu.mt.gov.br/Manifestacao/ -> Não foi possível acessar AMAWeb: _ssl.c:1016: The handshake operation timed out
[34/39] Erro: https://www.gp.srv.br/ouvidoria/sinop/#/portal/1/manifestacao -> Não foi possível acessar AMAWeb: _ssl.c:1016: The handshake operation timed out
[37/39] Erro: https://tabapora.ouvidoriabr.com/protocolo/novo/1247 -> AMAWeb excedeu 120s de espera.
[38/39] Erro: https://tangaradaserra.1doc.com.br/b.php?pg=wp/wp&itd=4 -> Não foi possível acessar AMAWeb: _ssl.c:1016: The handshake operation timed out
[39/39] Erro: https://www.aguaboa.mt.gov.br/servicos/ouvidoria -> AMAWeb excedeu 120s de espera.
Concluído c/ 27 falha(s).
Ciclo 1 | 39 URL(s) | 3 worker(s)
Saída: /home/jesus/faculdade/grupo-pesquisa/Egov/analize_sites_Egov/webscrap_amaweb/saida_ouvidorias_mt/2026-09-21/14-53-32
[10/39] Concluído: https://www.jauru.mt.gov.br/ouvidoria-identificada
  Nota AMAWeb: 7.6
  JSON: /home/jesus/faculdade/grupo-pesquisa/Egov/analize_sites_Egov/webscrap_amaweb/saida_ouvidorias_mt/2026-09-21/14-53-32/amaweb_www.jauru.mt.gov.br_010.json
  PDF:  /home/jesus/faculdade/grupo-pesquisa/Egov/analize_sites_Egov/webscrap_amaweb/saida_ouvidorias_mt/2026-09-21/14-53-32/amaweb_www.jauru.mt.gov.br_010.pdf
[11/39] Concluído: https://prefjuina.ouvidoriabr.com/protocolo/novo/165
  Nota AMAWeb: 9.2
  JSON: /home/jesus/faculdade/grupo-pesquisa/Egov/analize_sites_Egov/webscrap_amaweb/saida_ouvidorias_mt/2026-09-21/14-53-32/amaweb_prefjuina.ouvidoriabr.com_011.json
  PDF:  /home/jesus/faculdade/grupo-pesquisa/Egov/analize_sites_Egov/webscrap_amaweb/saida_ouvidorias_mt/2026-09-21/14-53-32/amaweb_prefjuina.ouvidoriabr.com_011.pdf
[18/39] Concluído: https://ouvidoria.novaolimpia.mt.gov.br/Manifestacao/
  Nota AMAWeb: 7.9
  JSON: /home/jesus/faculdade/grupo-pesquisa/Egov/analize_sites_Egov/webscrap_amaweb/saida_ouvidorias_mt/2026-09-21/14-53-32/amaweb_ouvidoria.novaolimpia.mt.gov.br_018.json
  PDF:  /home/jesus/faculdade/grupo-pesquisa/Egov/analize_sites_Egov/webscrap_amaweb/saida_ouvidorias_mt/2026-09-21/14-53-32/amaweb_ouvidoria.novaolimpia.mt.gov.br_018.pdf
[16/39] Concluído: https://ouvidoria.novalacerda.mt.gov.br/Manifestacao/
  Nota AMAWeb: 7.8
  JSON: /home/jesus/faculdade/grupo-pesquisa/Egov/analize_sites_Egov/webscrap_amaweb/saida_ouvidorias_mt/2026-09-21/14-53-32/amaweb_ouvidoria.novalacerda.mt.gov.br_016.json
  PDF:  /home/jesus/faculdade/grupo-pesquisa/Egov/analize_sites_Egov/webscrap_amaweb/saida_ouvidorias_mt/2026-09-21/14-53-32/amaweb_ouvidoria.novalacerda.mt.gov.br_016.pdf
[21/39] Concluído: https://ouvidoria.peixotodeazevedo.mt.gov.br/Manifestacao/
  Nota AMAWeb: 7.9
  JSON: /home/jesus/faculdade/grupo-pesquisa/Egov/analize_sites_Egov/webscrap_amaweb/saida_ouvidorias_mt/2026-09-21/14-53-32/amaweb_ouvidoria.peixotodeazevedo.mt.gov.br_021.json
  PDF:  /home/jesus/faculdade/grupo-pesquisa/Egov/analize_sites_Egov/webscrap_amaweb/saida_ouvidorias_mt/2026-09-21/14-53-32/amaweb_ouvidoria.peixotodeazevedo.mt.gov.br_021.pdf
[26/39] Concluído: https://reservadocabacal.mt.gov.br/ouvidoria/formulario-on-line
  Nota AMAWeb: 9.6
  JSON: /home/jesus/faculdade/grupo-pesquisa/Egov/analize_sites_Egov/webscrap_amaweb/saida_ouvidorias_mt/2026-09-21/14-53-32/amaweb_reservadocabacal.mt.gov.br_026.json
  PDF:  /home/jesus/faculdade/grupo-pesquisa/Egov/analize_sites_Egov/webscrap_amaweb/saida_ouvidorias_mt/2026-09-21/14-53-32/amaweb_reservadocabacal.mt.gov.br_026.pdf
[25/39] Concluído: https://ouvidoria.portodosgauchos.mt.gov.br/Manifestacao/
  Nota AMAWeb: 7.7
  JSON: /home/jesus/faculdade/grupo-pesquisa/Egov/analize_sites_Egov/webscrap_amaweb/saida_ouvidorias_mt/2026-09-21/14-53-32/amaweb_ouvidoria.portodosgauchos.mt.gov.br_025.json
  PDF:  /home/jesus/faculdade/grupo-pesquisa/Egov/analize_sites_Egov/webscrap_amaweb/saida_ouvidorias_mt/2026-09-21/14-53-32/amaweb_ouvidoria.portodosgauchos.mt.gov.br_025.pdf
[30/39] Concluído: https://ouvidoria.santacarmem.mt.gov.br/Manifestacao/
  Nota AMAWeb: 8.3
  JSON: /home/jesus/faculdade/grupo-pesquisa/Egov/analize_sites_Egov/webscrap_amaweb/saida_ouvidorias_mt/2026-09-21/14-53-32/amaweb_ouvidoria.santacarmem.mt.gov.br_030.json
  PDF:  /home/jesus/faculdade/grupo-pesquisa/Egov/analize_sites_Egov/webscrap_amaweb/saida_ouvidorias_mt/2026-09-21/14-53-32/amaweb_ouvidoria.santacarmem.mt.gov.br_030.pdf
[32/39] Concluído: https://ouvidoria.santaterezinha.mt.gov.br/ouvidoria/form
  Nota AMAWeb: 9.6
  JSON: /home/jesus/faculdade/grupo-pesquisa/Egov/analize_sites_Egov/webscrap_amaweb/saida_ouvidorias_mt/2026-09-21/14-53-32/amaweb_ouvidoria.santaterezinha.mt.gov.br_032.json
  PDF:  /home/jesus/faculdade/grupo-pesquisa/Egov/analize_sites_Egov/webscrap_amaweb/saida_ouvidorias_mt/2026-09-21/14-53-32/amaweb_ouvidoria.santaterezinha.mt.gov.br_032.pdf
[33/39] Concluído: https://ouvidoria.serranovadourada.mt.gov.br/Manifestacao/
  Nota AMAWeb: 7.8
  JSON: /home/jesus/faculdade/grupo-pesquisa/Egov/analize_sites_Egov/webscrap_amaweb/saida_ouvidorias_mt/2026-09-21/14-53-32/amaweb_ouvidoria.serranovadourada.mt.gov.br_033.json
  PDF:  /home/jesus/faculdade/grupo-pesquisa/Egov/analize_sites_Egov/webscrap_amaweb/saida_ouvidorias_mt/2026-09-21/14-53-32/amaweb_ouvidoria.serranovadourada.mt.gov.br_033.pdf
[35/39] Concluído: https://saofelixdoaraguaia.centi.com.br/ouvidoria
  Nota AMAWeb: 7.8
  JSON: /home/jesus/faculdade/grupo-pesquisa/Egov/analize_sites_Egov/webscrap_amaweb/saida_ouvidorias_mt/2026-09-21/14-53-32/amaweb_saofelixdoaraguaia.centi.com.br_035.json
  PDF:  /home/jesus/faculdade/grupo-pesquisa/Egov/analize_sites_Egov/webscrap_amaweb/saida_ouvidorias_mt/2026-09-21/14-53-32/amaweb_saofelixdoaraguaia.centi.com.br_035.pdf
[36/39] Concluído: https://ouvidoria.saojosedoxingu.mt.gov.br/Manifestacao/
  Nota AMAWeb: 7.9
  JSON: /home/jesus/faculdade/grupo-pesquisa/Egov/analize_sites_Egov/webscrap_amaweb/saida_ouvidorias_mt/2026-09-21/14-53-32/amaweb_ouvidoria.saojosedoxingu.mt.gov.br_036.json
  PDF:  /home/jesus/faculdade/grupo-pesquisa/Egov/analize_sites_Egov/webscrap_amaweb/saida_ouvidorias_mt/2026-09-21/14-53-32/amaweb_ouvidoria.saojosedoxingu.mt.gov.br_036.pdf
