[3/19] Erro: https://araguaiana.mt.gov.br/ouvidoria-identificada -> Avaliação recusada pelo AMAWeb: EVALUATION_FAILED
[1/19] Erro: https://gws-sistemas.com.br/ouvidoria.pm.acorizal/novo-protocolo -> Não foi possível acessar AMAWeb: _ssl.c:1016: The handshake operation timed out
[2/19] Erro: https://ouvidoria.pm.altoboavista.gws-sistemas.com.br/ -> Não foi possível acessar AMAWeb: _ssl.c:1016: The handshake operation timed out
[6/19] Erro: https://canarana.mt.gov.br/portal/ -> Avaliação recusada pelo AMAWeb: EVALUATION_FAILED
[4/19] Erro: https://gws-sistemas.com.br/ouvidoria.pm.bomjesusdoaraguaia/novo-protocolo -> Não foi possível acessar AMAWeb: _ssl.c:1016: The handshake operation timed out
[5/19] Erro: https://www.canabravadonorte.org/transparencia/ouvidoria/cadastrar-manifestacao -> AMAWeb excedeu 120s de espera.
[7/19] Erro: https://www.cocalinho.mt.gov.br/ouvidoria-identificada -> Não foi possível acessar AMAWeb: _ssl.c:1016: The handshake operation timed out
[9/19] Erro: https://gws-sistemas.com.br/ouvidoria.pm.indiavai/novo-protocolo -> Avaliação recusada pelo AMAWeb: EVALUATION_FAILED
[11/19] Erro: https://mirassoldoeste.flowdocs.com.br:2053/public/home/subject/3 -> Avaliação recusada pelo AMAWeb: DNS_LOOKUP_FAILED
[8/19] Erro: https://www.gws-sistemas.com.br/cartadeservico.pm.generalcarneiro/geral/ouvidoria-municipal -> AMAWeb excedeu 120s de espera.
[10/19] Erro: https://gws-sistemas.com.br/ouvidoria.pm.luciara -> Não foi possível acessar AMAWeb: _ssl.c:1016: The handshake operation timed out
[12/19] Erro: https://flowdocs-novacanaadonortemt.i7sgp.app.br/public/home/group/1 -> AMAWeb excedeu 120s de espera.
[13/19] Erro: https://www.novaubirata.mt.gov.br/ouvidoria -> AMAWeb excedeu 120s de espera.
[14/19] Erro: https://prefeitura-de-planalto-da-serra.webnode.page/ouvidoria/ -> Não foi possível acessar AMAWeb: _ssl.c:1016: The handshake operation timed out
[15/19] Erro: https://acessoainformacao.pontaldoaraguaia.mt.gov.br/cidadao/ouvidoria/solicitacaoservico -> AMAWeb excedeu 120s de espera.
[16/19] Erro: https://gws-sistemas.com.br/ouvidoria.pm.ribeiraocascalheira/novo-protocolo -> Não foi possível acessar AMAWeb: _ssl.c:1016: The handshake operation timed out
[19/19] Erro: https://www.aguaboa.mt.gov.br/servicos/ouvidoria -> AMAWeb excedeu 120s de espera.
Concluído c/ 17 falha(s).
Ciclo 1 | 19 URL(s) | 3 worker(s)
Saída: /home/jesus/faculdade/grupo-pesquisa/Egov/analize_sites_Egov/webscrap_amaweb/saida_ouvidorias_mt/2026-09-21/16-15-15
[18/19] Concluído: https://ouvidoria.santacruzdoxingu.mt.gov.br/Manifestacao/
  Nota AMAWeb: 7.9
  JSON: /home/jesus/faculdade/grupo-pesquisa/Egov/analize_sites_Egov/webscrap_amaweb/saida_ouvidorias_mt/2026-09-21/16-15-15/amaweb_ouvidoria.santacruzdoxingu.mt.gov.br_018.json
  PDF:  /home/jesus/faculdade/grupo-pesquisa/Egov/analize_sites_Egov/webscrap_amaweb/saida_ouvidorias_mt/2026-09-21/16-15-15/amaweb_ouvidoria.santacruzdoxingu.mt.gov.br_018.pdf
[17/19] Concluído: https://rondonopolis.ouvidoriabr.com/protocolo/novo/248
  Nota AMAWeb: 9.2
  JSON: /home/jesus/faculdade/grupo-pesquisa/Egov/analize_sites_Egov/webscrap_amaweb/saida_ouvidorias_mt/2026-09-21/16-15-15/amaweb_rondonopolis.ouvidoriabr.com_017.json
  PDF:  /home/jesus/faculdade/grupo-pesquisa/Egov/analize_sites_Egov/webscrap_amaweb/saida_ouvidorias_mt/2026-09-21/16-15-15/amaweb_rondonopolis.ouvidoriabr.com_017.pdf
