[1/27] Erro: https://gws-sistemas.com.br/ouvidoria.pm.acorizal/novo-protocolo -> Avaliação recusada pelo AMAWeb: EVALUATION_FAILED
[4/27] Erro: https://gws-sistemas.com.br/ouvidoria.pm.bomjesusdoaraguaia/novo-protocolo -> Avaliação recusada pelo AMAWeb: EVALUATION_FAILED
[3/27] Erro: https://araguaiana.mt.gov.br/ouvidoria-identificada -> Não foi possível acessar AMAWeb: _ssl.c:1016: The handshake operation timed out
[2/27] Erro: https://ouvidoria.pm.altoboavista.gws-sistemas.com.br/ -> Não foi possível acessar AMAWeb: _ssl.c:1016: The handshake operation timed out
[5/27] Erro: https://www.canabravadonorte.org/transparencia/ouvidoria/cadastrar-manifestacao -> AMAWeb excedeu 120s de espera.
[7/27] Erro: https://www.cocalinho.mt.gov.br/ouvidoria-identificada -> Não foi possível acessar AMAWeb: _ssl.c:1016: The handshake operation timed out
[6/27] Erro: https://canarana.mt.gov.br/portal/ -> Não foi possível acessar AMAWeb: _ssl.c:1016: The handshake operation timed out
[8/27] Erro: https://www.gws-sistemas.com.br/cartadeservico.pm.generalcarneiro/geral/ouvidoria-municipal -> AMAWeb excedeu 120s de espera.
[9/27] Erro: https://gws-sistemas.com.br/ouvidoria.pm.indiavai/novo-protocolo -> Não foi possível acessar AMAWeb: _ssl.c:1016: The handshake operation timed out
[10/27] Erro: https://gws-sistemas.com.br/ouvidoria.pm.luciara -> Não foi possível acessar AMAWeb: _ssl.c:1016: The handshake operation timed out
[11/27] Erro: https://mirassoldoeste.flowdocs.com.br:2053/public/home/subject/3 -> Não foi possível acessar AMAWeb: _ssl.c:1016: The handshake operation timed out
[13/27] Erro: https://flowdocs-novacanaadonortemt.i7sgp.app.br/public/home/group/1 -> AMAWeb excedeu 120s de espera.
[15/27] Erro: https://www.novaubirata.mt.gov.br/ouvidoria -> Não foi possível acessar AMAWeb: _ssl.c:1016: The handshake operation timed out
[17/27] Erro: https://prefeitura-de-planalto-da-serra.webnode.page/ouvidoria/ -> Não foi possível acessar AMAWeb: _ssl.c:1016: The handshake operation timed out
[18/27] Erro: https://acessoainformacao.pontaldoaraguaia.mt.gov.br/cidadao/ouvidoria/solicitacaoservico -> Não foi possível acessar AMAWeb: _ssl.c:1016: The handshake operation timed out
[20/27] Erro: https://gws-sistemas.com.br/ouvidoria.pm.ribeiraocascalheira/novo-protocolo -> Não foi possível acessar AMAWeb: _ssl.c:1016: The handshake operation timed out
[22/27] Erro: https://rondonopolis.ouvidoriabr.com/protocolo/novo/248 -> Não foi possível acessar AMAWeb: _ssl.c:1016: The handshake operation timed out
[23/27] Erro: https://ouvidoria.santacruzdoxingu.mt.gov.br/Manifestacao/ -> Não foi possível acessar AMAWeb: _ssl.c:1016: The handshake operation timed out
[27/27] Erro: https://www.aguaboa.mt.gov.br/servicos/ouvidoria -> Não foi possível acessar AMAWeb: _ssl.c:1016: The handshake operation timed out
Concluído c/ 19 falha(s).
Ciclo 1 | 27 URL(s) | 3 worker(s)
Saída: /home/jesus/faculdade/grupo-pesquisa/Egov/analize_sites_Egov/webscrap_amaweb/saida_ouvidorias_mt/2026-09-21/15-17-20
[12/27] Concluído: https://ouvidoria.novabandeirantes.mt.gov.br/Manifestacao/
  Nota AMAWeb: 7.8
  JSON: /home/jesus/faculdade/grupo-pesquisa/Egov/analize_sites_Egov/webscrap_amaweb/saida_ouvidorias_mt/2026-09-21/15-17-20/amaweb_ouvidoria.novabandeirantes.mt.gov.br_012.json
  PDF:  /home/jesus/faculdade/grupo-pesquisa/Egov/analize_sites_Egov/webscrap_amaweb/saida_ouvidorias_mt/2026-09-21/15-17-20/amaweb_ouvidoria.novabandeirantes.mt.gov.br_012.pdf
[14/27] Concluído: https://prefnm.ouvidoriabr.com/protocolo/novo/2
  Nota AMAWeb: 9.2
  JSON: /home/jesus/faculdade/grupo-pesquisa/Egov/analize_sites_Egov/webscrap_amaweb/saida_ouvidorias_mt/2026-09-21/15-17-20/amaweb_prefnm.ouvidoriabr.com_014.json
  PDF:  /home/jesus/faculdade/grupo-pesquisa/Egov/analize_sites_Egov/webscrap_amaweb/saida_ouvidorias_mt/2026-09-21/15-17-20/amaweb_prefnm.ouvidoriabr.com_014.pdf
[16/27] Concluído: https://ouvidoria.novosantoantonio.mt.gov.br/Manifestacao/
  Nota AMAWeb: 7.9
  JSON: /home/jesus/faculdade/grupo-pesquisa/Egov/analize_sites_Egov/webscrap_amaweb/saida_ouvidorias_mt/2026-09-21/15-17-20/amaweb_ouvidoria.novosantoantonio.mt.gov.br_016.json
  PDF:  /home/jesus/faculdade/grupo-pesquisa/Egov/analize_sites_Egov/webscrap_amaweb/saida_ouvidorias_mt/2026-09-21/15-17-20/amaweb_ouvidoria.novosantoantonio.mt.gov.br_016.pdf
[19/27] Concluído: https://www.prefeituradepontebranca-mt.com.br/contato
  Nota AMAWeb: 7.4
  JSON: /home/jesus/faculdade/grupo-pesquisa/Egov/analize_sites_Egov/webscrap_amaweb/saida_ouvidorias_mt/2026-09-21/15-17-20/amaweb_www.prefeituradepontebranca-mt.com.br_019.json
  PDF:  /home/jesus/faculdade/grupo-pesquisa/Egov/analize_sites_Egov/webscrap_amaweb/saida_ouvidorias_mt/2026-09-21/15-17-20/amaweb_www.prefeituradepontebranca-mt.com.br_019.pdf
[21/27] Concluído: https://www.ribeiraozinho.mt.gov.br/portal/ouvidoria/cadastro/1
  Nota AMAWeb: 9.6
  JSON: /home/jesus/faculdade/grupo-pesquisa/Egov/analize_sites_Egov/webscrap_amaweb/saida_ouvidorias_mt/2026-09-21/15-17-20/amaweb_www.ribeiraozinho.mt.gov.br_021.json
  PDF:  /home/jesus/faculdade/grupo-pesquisa/Egov/analize_sites_Egov/webscrap_amaweb/saida_ouvidorias_mt/2026-09-21/15-17-20/amaweb_www.ribeiraozinho.mt.gov.br_021.pdf
[24/27] Concluído: https://www.gp.srv.br/ouvidoria/sinop/#/portal/1/manifestacao
  Nota AMAWeb: 7.7
  JSON: /home/jesus/faculdade/grupo-pesquisa/Egov/analize_sites_Egov/webscrap_amaweb/saida_ouvidorias_mt/2026-09-21/15-17-20/amaweb_www.gp.srv.br_024.json
  PDF:  /home/jesus/faculdade/grupo-pesquisa/Egov/analize_sites_Egov/webscrap_amaweb/saida_ouvidorias_mt/2026-09-21/15-17-20/amaweb_www.gp.srv.br_024.pdf
[25/27] Concluído: https://tabapora.ouvidoriabr.com/protocolo/novo/1247
  Nota AMAWeb: 9.2
  JSON: /home/jesus/faculdade/grupo-pesquisa/Egov/analize_sites_Egov/webscrap_amaweb/saida_ouvidorias_mt/2026-09-21/15-17-20/amaweb_tabapora.ouvidoriabr.com_025.json
  PDF:  /home/jesus/faculdade/grupo-pesquisa/Egov/analize_sites_Egov/webscrap_amaweb/saida_ouvidorias_mt/2026-09-21/15-17-20/amaweb_tabapora.ouvidoriabr.com_025.pdf
[26/27] Concluído: https://tangaradaserra.1doc.com.br/b.php?pg=wp/wp&itd=4
  Nota AMAWeb: 8.9
  JSON: /home/jesus/faculdade/grupo-pesquisa/Egov/analize_sites_Egov/webscrap_amaweb/saida_ouvidorias_mt/2026-09-21/15-17-20/amaweb_tangaradaserra.1doc.com.br_026.json
  PDF:  /home/jesus/faculdade/grupo-pesquisa/Egov/analize_sites_Egov/webscrap_amaweb/saida_ouvidorias_mt/2026-09-21/15-17-20/amaweb_tangaradaserra.1doc.com.br_026.pdf
